// Vitest Snapshot v1, https://vitest.dev/guide/snapshot.html

exports[`AssessmentBreakdown > matches snapshot with assessment data 1`] = `
<div>
  <div
    class="min-h-screen bg-bg flex flex-col"
  >
    <header
      class="sticky top-0 z-50 bg-white border-b border-border h-15 flex items-center px-8"
    >
      <div
        class="flex items-center gap-3"
      >
        <svg
          fill="none"
          height="20"
          viewBox="0 0 60 37"
          width="32"
        >
          <path
            d="M2 31h56"
            stroke="white"
            stroke-linecap="round"
            stroke-width="3.5"
          />
          <path
            d="M10 31V19"
            stroke="white"
            stroke-linecap="round"
            stroke-width="3.5"
          />
          <path
            d="M50 31V19"
            stroke="white"
            stroke-linecap="round"
            stroke-width="3.5"
          />
          <path
            d="M10 19C10 19 18 7 30 7C42 7 50 19 50 19"
            fill="none"
            stroke="white"
            stroke-linecap="round"
            stroke-width="3.5"
          />
          <line
            stroke="rgba(255,255,255,0.6)"
            stroke-linecap="round"
            stroke-width="2.5"
            x1="20"
            x2="20"
            y1="31"
            y2="21"
          />
          <line
            stroke="rgba(255,255,255,0.6)"
            stroke-linecap="round"
            stroke-width="2.5"
            x1="30"
            x2="30"
            y1="31"
            y2="15"
          />
          <line
            stroke="rgba(255,255,255,0.6)"
            stroke-linecap="round"
            stroke-width="2.5"
            x1="40"
            x2="40"
            y1="31"
            y2="21"
          />
        </svg>
        <span
          class="text-xl font-bold text-text"
        >
          SAFE
        </span>
      </div>
      <div
        class="ml-auto h-10 w-10 rounded-full bg-accent-bg flex items-center justify-center"
      >
        <span
          class="text-sm font-bold text-accent"
        >
          U
        </span>
      </div>
    </header>
    <main
      class="flex-1"
    >
      <div
        class="max-w-screen-lg mx-auto px-8 py-10"
      >
        <div
          class="mb-6"
        >
          <h1
            class="text-page-title text-text mb-2"
          >
            Detailed Assessment Breakdown
          </h1>
          <p
            class="text-sub text-sm"
          >
            A full breakdown of your financial position based on bank data from Barclays.
          </p>
        </div>
        <div
          class="flex gap-1 border-b border-divider mb-5 overflow-x-auto"
        >
          <button
            class="px-4 py-3 text-sm font-medium whitespace-nowrap border-b-2 transition-colors text-accent border-accent"
          >
            Overview
          </button>
          <button
            class="px-4 py-3 text-sm font-medium whitespace-nowrap border-b-2 transition-colors text-sub border-transparent hover:text-text"
          >
            Expenses
          </button>
          <button
            class="px-4 py-3 text-sm font-medium whitespace-nowrap border-b-2 transition-colors text-sub border-transparent hover:text-text"
          >
            Income Stability
          </button>
          <button
            class="px-4 py-3 text-sm font-medium whitespace-nowrap border-b-2 transition-colors text-sub border-transparent hover:text-text"
          >
            Why This Happened
          </button>
        </div>
        <div
          class="grid grid-cols-2 gap-5"
        >
          <div
            class="card p-6"
          >
            <div
              class="text-section-label text-muted mb-2"
            >
              Income & Expenses
            </div>
            <div
              class="flex justify-between py-2 border-b border-divider last:border-b-0"
            >
              <span
                class="text-sm text-sub"
              >
                Salary (regular)
              </span>
              <span
                class="text-sm font-medium text-text"
              >
                £1,600
              </span>
            </div>
            <div
              class="flex justify-between py-2 border-b border-divider last:border-b-0"
            >
              <span
                class="text-sm text-sub"
              >
                Universal Credit
              </span>
              <span
                class="text-sm font-medium text-text"
              >
                £250
              </span>
            </div>
            <div
              class="flex justify-between py-2 border-b border-divider last:border-b-0"
            >
              <span
                class="text-sm text-text font-bold"
              >
                Total Income
              </span>
              <span
                class="text-sm font-bold text-green"
              >
                £1,850
              </span>
            </div>
            <div
              class="h-px bg-divider my-2"
            />
            <div
              class="flex justify-between py-2 border-b border-divider last:border-b-0"
            >
              <span
                class="text-sm text-sub"
              >
                Housing
              </span>
              <span
                class="text-sm font-medium text-text"
              >
                £850
              </span>
            </div>
            <div
              class="flex justify-between py-2 border-b border-divider last:border-b-0"
            >
              <span
                class="text-sm text-sub"
              >
                Food & groceries
              </span>
              <span
                class="text-sm font-medium text-text"
              >
                £320
              </span>
            </div>
            <div
              class="flex justify-between py-2 border-b border-divider last:border-b-0"
            >
              <span
                class="text-sm text-sub"
              >
                Transport
              </span>
              <span
                class="text-sm font-medium text-text"
              >
                £220
              </span>
            </div>
            <div
              class="flex justify-between py-2 border-b border-divider last:border-b-0"
            >
              <span
                class="text-sm text-sub"
              >
                Utilities
              </span>
              <span
                class="text-sm font-medium text-text"
              >
                £180
              </span>
            </div>
            <div
              class="flex justify-between py-2 border-b border-divider last:border-b-0"
            >
              <span
                class="text-sm text-sub"
              >
                Other
              </span>
              <span
                class="text-sm font-medium text-text"
              >
                £150
              </span>
            </div>
            <div
              class="flex justify-between py-2 border-b border-divider last:border-b-0"
            >
              <span
                class="text-sm text-text font-bold"
              >
                Total Expenses
              </span>
              <span
                class="text-sm font-bold text-amber"
              >
                £1,720
              </span>
            </div>
            <div
              class="h-px bg-divider my-2"
            />
            <div
              class="flex justify-between py-2 border-b border-divider last:border-b-0"
            >
              <span
                class="text-sm text-text font-bold"
              >
                Disposable Income
              </span>
              <span
                class="text-sm font-bold text-red"
              >
                £130
              </span>
            </div>
          </div>
          <div
            class="flex flex-col gap-4"
          >
            <div
              class="card p-6"
            >
              <div
                class="text-section-label text-muted mb-2"
              >
                Disposable Income Formula
              </div>
              <div
                class="text-sm text-sub leading-relaxed"
              >
                Income 
                <span
                  class="text-green font-bold"
                >
                  £
                  1,850
                </span>
                 minus essential expenses 
                <span
                  class="text-amber font-bold"
                >
                  £
                  1,720
                </span>
                 leaves 
                <span
                  class="text-red font-bold"
                >
                  £
                  130
                  /month
                </span>
                 disposable income.
              </div>
              <div
                class="mt-4 h-2 bg-gray-200 rounded-full overflow-hidden"
              >
                <div
                  class="h-full bg-red rounded-full"
                  style="width: 7%;"
                />
              </div>
              <div
                class="text-xs text-muted mt-2"
              >
                7
                % of income is disposable — well below the 25% healthy threshold
              </div>
            </div>
            <div
              class="card p-6"
            >
              <div
                class="text-section-label text-muted mb-2"
              >
                Bill as % of Disposable
              </div>
              <div
                class="text-stat-figure text-red"
              >
                323
                %
              </div>
              <div
                class="text-xs text-sub mt-1"
              >
                Benchmark average: 
                <strong>
                  5–8%
                </strong>
              </div>
              <div
                class="mt-3"
              >
                <div
                  class="inline-flex items-center gap-2 rounded-full px-4 py-2 bg-red-bg"
                >
                  <span
                    class="h-2 w-2 rounded-full bg-red"
                  />
                  <span
                    class="text-sm font-semibold text-red"
                  >
                    SEVERE
                  </span>
                </div>
              </div>
            </div>
            <div
              class="card p-6 bg-accent-bg border border-accent/20"
            >
              <div
                class="text-sm text-accent leading-relaxed"
              >
                Your bill of 
                <strong>
                  £
                  420
                </strong>
                 would need 
                <strong>
                  3.2
                   months
                </strong>
                 of your entire disposable income to clear — before any emergencies.
              </div>
            </div>
          </div>
        </div>
        <div
          class="mt-6 grid grid-cols-2 gap-3"
        >
          <button
            class="inline-flex items-center justify-center font-semibold transition-all active:scale-97 disabled:cursor-not-allowed bg-accent text-white hover:bg-accent-dark shadow-button-primary disabled:opacity-50 h-12 px-6 py-3 text-base rounded-button"
          >
            View Payment Plan Options
          </button>
          <button
            class="inline-flex items-center justify-center font-semibold transition-all active:scale-97 disabled:cursor-not-allowed bg-transparent border border-border text-text hover:bg-accent-bg disabled:opacity-50 h-12 px-6 py-3 text-base rounded-button"
          >
            Back to Overview
          </button>
        </div>
      </div>
    </main>
  </div>
</div>
`;
